--------------------------------------------------------------------------------------
Timing Analyzer Summary
--------------------------------------------------------------------------------------

Type           : Worst-case tsu
Slack          : N/A
Required Time  : None
Actual Time    : 3.935 ns
From           : W
To             : DFF_3
From Clock     : --
To Clock       : clock
Failed Paths   : 0

Type           : Worst-case tco
Slack          : N/A
Required Time  : None
Actual Time    : 7.863 ns
From           : DFF_0
To             : Z
From Clock     : clock
To Clock       : --
Failed Paths   : 0

Type           : Worst-case th
Slack          : N/A
Required Time  : None
Actual Time    : -3.190 ns
From           : W
To             : DFF_1
From Clock     : --
To Clock       : clock
Failed Paths   : 0

Type           : Clock Setup: 'clock'
Slack          : N/A
Required Time  : None
Actual Time    : Restricted to 380.08 MHz ( period = 2.631 ns )
From           : DFF_0
To             : DFF_0
From Clock     : clock
To Clock       : clock
Failed Paths   : 0

Type           : Total number of failed paths
Slack          : 
Required Time  : 
Actual Time    : 
From           : 
To             : 
From Clock     : 
To Clock       : 
Failed Paths   : 0

--------------------------------------------------------------------------------------

